Compiled with problems:
×
ERROR in ./docs/estimating/Journeys.md 148:13-304
Module not found: Error: Can't resolve './../../static/img/generated/estimating/journey.svg' in '/Users/rob/Documents/risk-first/website/docs/estimating'
ERROR in ./docs/estimating/Risk-First-Analysis.md 324:13-310
Module not found: Error: Can't resolve './../../static/img/generated/estimating/planner/poker.svg' in '/Users/rob/Documents/risk-first/website/docs/estimating'
ERROR in ./docs/risks/Complexity-Risk/Connectivity.md 201:13-320
Module not found: Error: Can't resolve './../../../static/img/generated/risks/complexity/modularisation.svg' in '/Users/rob/Documents/risk-first/website/docs/risks/Complexity-Risk'
ERROR in ./docs/risks/Complexity-Risk/Kolmogorov-Complexity.md 188:13-317
Module not found: Error: Can't resolve './../../../static/img/generated/risks/complexity/refactoring.svg' in '/Users/rob/Documents/risk-first/website/docs/risks/Complexity-Risk'
ERROR in ./docs/risks/Complexity-Risk/Kolmogorov-Complexity.md 242:13-315
Module not found: Error: Can't resolve './../../../static/img/generated/risks/complexity/libraries.svg' in '/Users/rob/Documents/risk-first/website/docs/risks/Complexity-Risk'
ERROR in ./docs/risks/Coordination-Risk/CAP-Theorem.md 189:13-314
Module not found: Error: Can't resolve './../../../static/img/generated/risks/coordination/cap-cp.svg' in '/Users/rob/Documents/risk-first/website/docs/risks/Coordination-Risk'
ERROR in ./docs/risks/Dependency-Risks/Agency-Risk/Reducing-Agency-Risk.md 193:13-308
Module not found: Error: Can't resolve './../../../../static/img/generated/risks/agency/cco.svg' in '/Users/rob/Documents/risk-first/website/docs/risks/Dependency-Risks/Agency-Risk'
ERROR in ./docs/risks/Dependency-Risks/On-Software-Dependencies.md 472:13-326
Module not found: Error: Can't resolve './../../../static/img/generated/risks/software-dependency/ergonomics2.svg' in '/Users/rob/Documents/risk-first/website/docs/risks/Dependency-Risks'
ERROR in ./docs/risks/Dependency-Risks/On-Software-Dependencies.md 500:13-334
Module not found: Error: Can't resolve './../../../static/img/generated/risks/software-dependency/protocol-complexity.svg' in '/Users/rob/Documents/risk-first/website/docs/risks/Dependency-Risks'
ERROR in ./docs/risks/Dependency-Risks/On-Software-Dependencies.md 608:13-328
Module not found: Error: Can't resolve './../../../static/img/generated/risks/software-dependency/code-your-own.svg' in '/Users/rob/Documents/risk-first/website/docs/risks/Dependency-Risks'
ERROR in ./docs/risks/Dependency-Risks/On-Software-Dependencies.md 702:13-335
Module not found: Error: Can't resolve './../../../static/img/generated/risks/software-dependency/unwritten-mitigation.svg' in '/Users/rob/Documents/risk-first/website/docs/risks/Dependency-Risks'
ERROR in ./docs/risks/Dependency-Risks/On-Software-Dependencies.md 804:13-348
Module not found: Error: Can't resolve './../../../static/img/generated/risks/software-dependency/software_dependency_table_1_large.svg' in '/Users/rob/Documents/risk-first/website/docs/risks/Dependency-Risks'
ERROR in ./docs/risks/Dependency-Risks/Process-Risk/On-Bureaucracy.md 296:13-311
Module not found: Error: Can't resolve './../../../../static/img/generated/risks/process/step3.svg' in '/Users/rob/Documents/risk-first/website/docs/risks/Dependency-Risks/Process-Risk'
ERROR in ./docs/risks/Environmental-Risks/Operational-Risk/Operations-Management.md 404:13-317
Module not found: Error: Can't resolve './../../../../static/img/generated/risks/operational/ship-it.svg' in '/Users/rob/Documents/risk-first/website/docs/risks/Environmental-Risks/Operational-Risk'
ERROR in ./docs/risks/Internal-Model-Risk/Metrics.md 240:13-338
Module not found: Error: Can't resolve './../../../static/img/generated/risks/map-and-territory/map_and_territory_table_3.svg' in '/Users/rob/Documents/risk-first/website/docs/risks/Internal-Model-Risk'
ERROR in ./docs/risks/Staging-And-Classifying.md 140:13-329
Module not found: Error: Can't resolve './../../static/img/generated/staging-and-classifying/periodic-horizontal.svg' in '/Users/rob/Documents/risk-first/website/docs/risks'
ERROR in ./docs/risks/Staging-And-Classifying.md 196:13-331
Module not found: Error: Can't resolve './../../static/img/generated/staging-and-classifying/depending-abstraction.svg' in '/Users/rob/Documents/risk-first/website/docs/risks'
ERROR in ./docs/risks/Staging-And-Classifying.md 257:13-331
Module not found: Error: Can't resolve './../../static/img/generated/staging-and-classifying/inventing-abstraction.svg' in '/Users/rob/Documents/risk-first/website/docs/risks'
ERROR in ./docs/risks/Staging-And-Classifying.md 319:13-330
Module not found: Error: Can't resolve './../../static/img/generated/staging-and-classifying/choosing-abstraction.svg' in '/Users/rob/Documents/risk-first/website/docs/risks'
ERROR in ./docs/thinking/Health.md 339:13-306
Module not found: Error: Can't resolve './../../static/img/generated/introduction/health2.svg' in '/Users/rob/Documents/risk-first/website/docs/thinking'
ERROR in ./docs/estimating/Journeys.md 148:13-304
Module not found: Error: Can't resolve './../../static/img/generated/estimating/journey.svg' in '/Users/rob/Documents/risk-first/website/docs/estimating'
ERROR in ./docs/estimating/Risk-First-Analysis.md 324:13-310
Module not found: Error: Can't resolve './../../static/img/generated/estimating/planner/poker.svg' in '/Users/rob/Documents/risk-first/website/docs/estimating'
ERROR in ./docs/risks/Complexity-Risk/Connectivity.md 201:13-320
Module not found: Error: Can't resolve './../../../static/img/generated/risks/complexity/modularisation.svg' in '/Users/rob/Documents/risk-first/website/docs/risks/Complexity-Risk'
ERROR in ./docs/risks/Complexity-Risk/Kolmogorov-Complexity.md 188:13-317
Module not found: Error: Can't resolve './../../../static/img/generated/risks/complexity/refactoring.svg' in '/Users/rob/Documents/risk-first/website/docs/risks/Complexity-Risk'
ERROR in ./docs/risks/Complexity-Risk/Kolmogorov-Complexity.md 242:13-315
Module not found: Error: Can't resolve './../../../static/img/generated/risks/complexity/libraries.svg' in '/Users/rob/Documents/risk-first/website/docs/risks/Complexity-Risk'
ERROR in ./docs/risks/Coordination-Risk/CAP-Theorem.md 189:13-314
Module not found: Error: Can't resolve './../../../static/img/generated/risks/coordination/cap-cp.svg' in '/Users/rob/Documents/risk-first/website/docs/risks/Coordination-Risk'
ERROR in ./docs/risks/Dependency-Risks/Agency-Risk/Reducing-Agency-Risk.md 193:13-308
Module not found: Error: Can't resolve './../../../../static/img/generated/risks/agency/cco.svg' in '/Users/rob/Documents/risk-first/website/docs/risks/Dependency-Risks/Agency-Risk'
ERROR in ./docs/risks/Dependency-Risks/On-Software-Dependencies.md 472:13-326
Module not found: Error: Can't resolve './../../../static/img/generated/risks/software-dependency/ergonomics2.svg' in '/Users/rob/Documents/risk-first/website/docs/risks/Dependency-Risks'
ERROR in ./docs/risks/Dependency-Risks/On-Software-Dependencies.md 500:13-334
Module not found: Error: Can't resolve './../../../static/img/generated/risks/software-dependency/protocol-complexity.svg' in '/Users/rob/Documents/risk-first/website/docs/risks/Dependency-Risks'
ERROR in ./docs/risks/Dependency-Risks/On-Software-Dependencies.md 608:13-328
Module not found: Error: Can't resolve './../../../static/img/generated/risks/software-dependency/code-your-own.svg' in '/Users/rob/Documents/risk-first/website/docs/risks/Dependency-Risks'
ERROR in ./docs/risks/Dependency-Risks/On-Software-Dependencies.md 702:13-335
Module not found: Error: Can't resolve './../../../static/img/generated/risks/software-dependency/unwritten-mitigation.svg' in '/Users/rob/Documents/risk-first/website/docs/risks/Dependency-Risks'
ERROR in ./docs/risks/Dependency-Risks/On-Software-Dependencies.md 804:13-348
Module not found: Error: Can't resolve './../../../static/img/generated/risks/software-dependency/software_dependency_table_1_large.svg' in '/Users/rob/Documents/risk-first/website/docs/risks/Dependency-Risks'
ERROR in ./docs/risks/Dependency-Risks/Process-Risk/On-Bureaucracy.md 296:13-311
Module not found: Error: Can't resolve './../../../../static/img/generated/risks/process/step3.svg' in '/Users/rob/Documents/risk-first/website/docs/risks/Dependency-Risks/Process-Risk'
ERROR in ./docs/risks/Environmental-Risks/Operational-Risk/Operations-Management.md 404:13-317
Module not found: Error: Can't resolve './../../../../static/img/generated/risks/operational/ship-it.svg' in '/Users/rob/Documents/risk-first/website/docs/risks/Environmental-Risks/Operational-Risk'
ERROR in ./docs/risks/Internal-Model-Risk/Metrics.md 240:13-338
Module not found: Error: Can't resolve './../../../static/img/generated/risks/map-and-territory/map_and_territory_table_3.svg' in '/Users/rob/Documents/risk-first/website/docs/risks/Internal-Model-Risk'
ERROR in ./docs/risks/Staging-And-Classifying.md 140:13-329
Module not found: Error: Can't resolve './../../static/img/generated/staging-and-classifying/periodic-horizontal.svg' in '/Users/rob/Documents/risk-first/website/docs/risks'
ERROR in ./docs/risks/Staging-And-Classifying.md 196:13-331
Module not found: Error: Can't resolve './../../static/img/generated/staging-and-classifying/depending-abstraction.svg' in '/Users/rob/Documents/risk-first/website/docs/risks'
ERROR in ./docs/risks/Staging-And-Classifying.md 257:13-331
Module not found: Error: Can't resolve './../../static/img/generated/staging-and-classifying/inventing-abstraction.svg' in '/Users/rob/Documents/risk-first/website/docs/risks'
ERROR in ./docs/risks/Staging-And-Classifying.md 319:13-330
Module not found: Error: Can't resolve './../../static/img/generated/staging-and-classifying/choosing-abstraction.svg' in '/Users/rob/Documents/risk-first/website/docs/risks'
ERROR in ./docs/thinking/Health.md 339:13-306
Module not found: Error: Can't resolve './../../static/img/generated/introduction/health2.svg' in '/Users/rob/Documents/risk-first/website/docs/thinking'
